// Jest Snapshot v1, https://goo.gl/fbAQLP

exports[`it renders without crashing 1`] = `
<View
  accessible={true}
  focusable={true}
  isTVSelectable={true}
  onClick={[Function]}
  onResponderGrant={[Function]}
  onResponderMove={[Function]}
  onResponderRelease={[Function]}
  onResponderTerminate={[Function]}
  onResponderTerminationRequest={[Function]}
  onStartShouldSetResponder={[Function]}
  style={
    Object {
      "alignItems": "center",
      "display": "flex",
      "flexDirection": "row",
      "marginBottom": 24,
      "opacity": 1,
    }
  }
>
  <View
    style={
      Object {
        "display": "flex",
        "flexDirection": "column",
        "marginRight": 12,
      }
    }
  >
    <Text
      style={
        Object {
          "fontFamily": "Nunito-Bold",
          "fontSize": 24,
          "textAlign": "left",
          "width": "100%",
        }
      }
    >
      Wednesday
    </Text>
    <Text
      style={
        Object {
          "color": "grey",
          "fontFamily": "Nunito-Regular",
          "fontSize": 16,
          "marginTop": -2,
          "textAlign": "left",
          "width": "100%",
        }
      }
    >
      October 20
    </Text>
  </View>
  <test-file-stub />
</View>
`;
